nohup: ignoring input
[0;32m============================================[0m
[0;32m  MPC Protocol Independent Parameter Test[0m
[0;32m============================================[0m
[0;34mTest 1: Vary n (10-500), keep m=100, k=50[0m
[0;34mTest 2: Vary m (10-500), keep n=100, k=50[0m
[0;34mTest 3: Vary k (10-500), keep n=100, m=100[0m
[0;34mTotal: 150 datapoints[0m

[1;33mCompiling gen_queries...[0m
[1;33mBuilding Docker images...[0m

[1;33m
==========================================[0m
[1;33mVarying n Tests[0m
[1;33m==========================================[0m
[0;34m  [1/50] (2%) - Varying n: 10[0m
[0;34m  [2/50] (4%) - Varying n: 20[0m
[0;34m  [3/50] (6%) - Varying n: 30[0m
[0;34m  [4/50] (8%) - Varying n: 40[0m
[0;34m  [5/50] (10%) - Varying n: 50[0m
[0;34m  [6/50] (12%) - Varying n: 60[0m
[0;34m  [7/50] (14%) - Varying n: 70[0m
[0;34m  [8/50] (16%) - Varying n: 80[0m
[0;34m  [9/50] (18%) - Varying n: 90[0m
[0;34m  [10/50] (20%) - Varying n: 100[0m
[0;34m  [11/50] (22%) - Varying n: 110[0m
[0;34m  [12/50] (24%) - Varying n: 120[0m
[0;34m  [13/50] (26%) - Varying n: 130[0m
[0;34m  [14/50] (28%) - Varying n: 140[0m
[0;34m  [15/50] (30%) - Varying n: 150[0m
[0;34m  [16/50] (32%) - Varying n: 160[0m
[0;34m  [17/50] (34%) - Varying n: 170[0m
[0;34m  [18/50] (36%) - Varying n: 180[0m
[0;34m  [19/50] (38%) - Varying n: 190[0m
[0;34m  [20/50] (40%) - Varying n: 200[0m
[0;34m  [21/50] (42%) - Varying n: 210[0m
[0;34m  [22/50] (44%) - Varying n: 220[0m
[0;34m  [23/50] (46%) - Varying n: 230[0m
[0;34m  [24/50] (48%) - Varying n: 240[0m
[0;34m  [25/50] (50%) - Varying n: 250[0m
[0;34m  [26/50] (52%) - Varying n: 260[0m
[0;34m  [27/50] (54%) - Varying n: 270[0m
[0;34m  [28/50] (56%) - Varying n: 280[0m
[0;34m  [29/50] (58%) - Varying n: 290[0m
[0;34m  [30/50] (60%) - Varying n: 300[0m
[0;34m  [31/50] (62%) - Varying n: 310[0m
[0;34m  [32/50] (64%) - Varying n: 320[0m
[0;34m  [33/50] (66%) - Varying n: 330[0m
[0;34m  [34/50] (68%) - Varying n: 340[0m
[0;34m  [35/50] (70%) - Varying n: 350[0m
[0;34m  [36/50] (72%) - Varying n: 360[0m
[0;34m  [37/50] (74%) - Varying n: 370[0m
[0;34m  [38/50] (76%) - Varying n: 380[0m
[0;34m  [39/50] (78%) - Varying n: 390[0m
[0;34m  [40/50] (80%) - Varying n: 400[0m
[0;34m  [41/50] (82%) - Varying n: 410[0m
[0;34m  [42/50] (84%) - Varying n: 420[0m
[0;34m  [43/50] (86%) - Varying n: 430[0m
[0;34m  [44/50] (88%) - Varying n: 440[0m
[0;34m  [45/50] (90%) - Varying n: 450[0m
[0;34m  [46/50] (92%) - Varying n: 460[0m
[0;34m  [47/50] (94%) - Varying n: 470[0m
[0;34m  [48/50] (96%) - Varying n: 480[0m
[0;34m  [49/50] (98%) - Varying n: 490[0m
[0;34m  [50/50] (100%) - Varying n: 500[0m
[1;33m
==========================================[0m
[1;33mVarying m Tests[0m
[1;33m==========================================[0m
[0;34m  [1/50] (2%) - Varying m: 10[0m
[0;34m  [2/50] (4%) - Varying m: 20[0m
[0;34m  [3/50] (6%) - Varying m: 30[0m
[0;34m  [4/50] (8%) - Varying m: 40[0m
[0;34m  [5/50] (10%) - Varying m: 50[0m
[0;34m  [6/50] (12%) - Varying m: 60[0m
[0;34m  [7/50] (14%) - Varying m: 70[0m
[0;34m  [8/50] (16%) - Varying m: 80[0m
[0;34m  [9/50] (18%) - Varying m: 90[0m
[0;34m  [10/50] (20%) - Varying m: 100[0m
[0;34m  [11/50] (22%) - Varying m: 110[0m
[0;34m  [12/50] (24%) - Varying m: 120[0m
[0;34m  [13/50] (26%) - Varying m: 130[0m
[0;34m  [14/50] (28%) - Varying m: 140[0m
[0;34m  [15/50] (30%) - Varying m: 150[0m
[0;34m  [16/50] (32%) - Varying m: 160[0m
[0;34m  [17/50] (34%) - Varying m: 170[0m
[0;34m  [18/50] (36%) - Varying m: 180[0m
[0;34m  [19/50] (38%) - Varying m: 190[0m
[0;34m  [20/50] (40%) - Varying m: 200[0m
[0;34m  [21/50] (42%) - Varying m: 210[0m
[0;34m  [22/50] (44%) - Varying m: 220[0m
[0;34m  [23/50] (46%) - Varying m: 230[0m
[0;34m  [24/50] (48%) - Varying m: 240[0m
[0;34m  [25/50] (50%) - Varying m: 250[0m
[0;34m  [26/50] (52%) - Varying m: 260[0m
[0;34m  [27/50] (54%) - Varying m: 270[0m
[0;34m  [28/50] (56%) - Varying m: 280[0m
[0;34m  [29/50] (58%) - Varying m: 290[0m
[0;34m  [30/50] (60%) - Varying m: 300[0m
[0;34m  [31/50] (62%) - Varying m: 310[0m
[0;34m  [32/50] (64%) - Varying m: 320[0m
[0;34m  [33/50] (66%) - Varying m: 330[0m
[0;34m  [34/50] (68%) - Varying m: 340[0m
[0;34m  [35/50] (70%) - Varying m: 350[0m
[0;34m  [36/50] (72%) - Varying m: 360[0m
[0;34m  [37/50] (74%) - Varying m: 370[0m
[0;34m  [38/50] (76%) - Varying m: 380[0m
[0;34m  [39/50] (78%) - Varying m: 390[0m
[0;34m  [40/50] (80%) - Varying m: 400[0m
[0;34m  [41/50] (82%) - Varying m: 410[0m
[0;34m  [42/50] (84%) - Varying m: 420[0m
[0;34m  [43/50] (86%) - Varying m: 430[0m
[0;34m  [44/50] (88%) - Varying m: 440[0m
[0;34m  [45/50] (90%) - Varying m: 450[0m
[0;34m  [46/50] (92%) - Varying m: 460[0m
[0;34m  [47/50] (94%) - Varying m: 470[0m
[0;34m  [48/50] (96%) - Varying m: 480[0m
[0;34m  [49/50] (98%) - Varying m: 490[0m
[0;34m  [50/50] (100%) - Varying m: 500[0m
[1;33m
==========================================[0m
[1;33mVarying k Tests[0m
[1;33m==========================================[0m
[0;34m  [1/50] (2%) - Varying k: 10[0m
[0;34m  [2/50] (4%) - Varying k: 20[0m
[0;34m  [3/50] (6%) - Varying k: 30[0m
[0;34m  [4/50] (8%) - Varying k: 40[0m
[0;34m  [5/50] (10%) - Varying k: 50[0m
[0;34m  [6/50] (12%) - Varying k: 60[0m
[0;34m  [7/50] (14%) - Varying k: 70[0m
[0;34m  [8/50] (16%) - Varying k: 80[0m
[0;34m  [9/50] (18%) - Varying k: 90[0m
[0;34m  [10/50] (20%) - Varying k: 100[0m
[0;34m  [11/50] (22%) - Varying k: 110[0m
[0;34m  [12/50] (24%) - Varying k: 120[0m
[0;34m  [13/50] (26%) - Varying k: 130[0m
[0;34m  [14/50] (28%) - Varying k: 140[0m
[0;34m  [15/50] (30%) - Varying k: 150[0m
[0;34m  [16/50] (32%) - Varying k: 160[0m
[0;34m  [17/50] (34%) - Varying k: 170[0m
[0;34m  [18/50] (36%) - Varying k: 180[0m
[0;34m  [19/50] (38%) - Varying k: 190[0m
[0;34m  [20/50] (40%) - Varying k: 200[0m
[0;34m  [21/50] (42%) - Varying k: 210[0m
[0;34m  [22/50] (44%) - Varying k: 220[0m
[0;34m  [23/50] (46%) - Varying k: 230[0m
[0;34m  [24/50] (48%) - Varying k: 240[0m
[0;34m  [25/50] (50%) - Varying k: 250[0m
[0;34m  [26/50] (52%) - Varying k: 260[0m
[0;34m  [27/50] (54%) - Varying k: 270[0m
[0;34m  [28/50] (56%) - Varying k: 280[0m
[0;34m  [29/50] (58%) - Varying k: 290[0m
[0;34m  [30/50] (60%) - Varying k: 300[0m
[0;34m  [31/50] (62%) - Varying k: 310[0m
[0;34m  [32/50] (64%) - Varying k: 320[0m
[0;34m  [33/50] (66%) - Varying k: 330[0m
[0;34m  [34/50] (68%) - Varying k: 340[0m
[0;34m  [35/50] (70%) - Varying k: 350[0m
[0;34m  [36/50] (72%) - Varying k: 360[0m
[0;34m  [37/50] (74%) - Varying k: 370[0m
[0;34m  [38/50] (76%) - Varying k: 380[0m
[0;34m  [39/50] (78%) - Varying k: 390[0m
[0;34m  [40/50] (80%) - Varying k: 400[0m
[0;34m  [41/50] (82%) - Varying k: 410[0m
[0;34m  [42/50] (84%) - Varying k: 420[0m
[0;34m  [43/50] (86%) - Varying k: 430[0m
[0;34m  [44/50] (88%) - Varying k: 440[0m
[0;34m  [45/50] (90%) - Varying k: 450[0m
[0;34m  [46/50] (92%) - Varying k: 460[0m
[0;34m  [47/50] (94%) - Varying k: 470[0m
[0;34m  [48/50] (96%) - Varying k: 480[0m
[0;34m  [49/50] (98%) - Varying k: 490[0m
[0;34m  [50/50] (100%) - Varying k: 500[0m
[0;32m========================================[0m
[0;32m✓ Independent Tests Complete![0m
[0;32m========================================[0m
[0;34mResults saved to: timing_results_independent.csv[0m
[0;34mLogs saved to: benchmark_logs_independent/[0m

[1;33mFirst 15 tests (varying n):[0m
10   100  50   1  .642254517              n=10
20   100  50   1  .197944313              n=20
30   100  50   1  .797294686              n=30
40   100  50   1  .211894637              n=40
50   100  50   1  .786576480              n=50
60   100  50   1  .210177560              n=60
70   100  50   1  .785506037              n=70
80   100  50   1  .205686721              n=80
90   100  50   1  .794966580              n=90
100  100  50   1  1.325212474             n=100
110  100  50   1  1.275040236             n=110
120  100  50   1  1.278378628             n=120
130  100  50   1  1.339977858             n=130
140  100  50   1  1.320930236             n=140
150  100  50   1  1.334209522             n=150
[1;33mNext 15 tests (varying m):[0m
160  100  50   1  1.269492946             n=160
170  100  50   1  1.332268587             n=170
180  100  50   1  1.290901872             n=180
190  100  50   1  1.318201433             n=190
200  100  50   1  1.323112898             n=200
210  100  50   1  1.309449994             n=210
220  100  50   1  1.304797691             n=220
230  100  50   1  1.323020517             n=230
240  100  50   1  1.336645256             n=240
250  100  50   1  1.282300489             n=250
260  100  50   1  1.421886895             n=260
270  100  50   1  1.421273452             n=270
280  100  50   1  1.440263084             n=280
290  100  50   1  1.362061241             n=290
300  100  50   1  1.412029505             n=300
[0;34m
Next: python3 plot_results.py[0m
